[2026-07-10 11:40:25] Initialize SAC+HER Trainer: run name=20260710_114025
[2026-07-10 11:40:25] episode=1 step=50 return=-45.000 length=50
[2026-07-10 11:40:25] episode=2 step=100 return=-50.000 length=50
[2026-07-10 11:40:26] episode=3 step=150 return=-50.000 length=50
[2026-07-10 11:40:26] episode=4 step=200 return=-50.000 length=50
[2026-07-10 11:40:26] episode=5 step=250 return=-50.000 length=50
[2026-07-10 11:40:26] episode=6 step=300 return=-50.000 length=50
[2026-07-10 11:40:26] episode=7 step=350 return=-50.000 length=50
[2026-07-10 11:40:26] episode=8 step=400 return=-50.000 length=50
[2026-07-10 11:40:26] episode=9 step=450 return=0.000 length=50
[2026-07-10 11:40:26] episode=10 step=500 return=-50.000 length=50
[2026-07-10 11:40:26] episode=11 step=550 return=-50.000 length=50
[2026-07-10 11:40:26] episode=12 step=600 return=-50.000 length=50
[2026-07-10 11:40:26] episode=13 step=650 return=-50.000 length=50
[2026-07-10 11:40:26] episode=14 step=700 return=-50.000 length=50
[2026-07-10 11:40:26] episode=15 step=750 return=-50.000 length=50
[2026-07-10 11:40:26] episode=16 step=800 return=-50.000 length=50
[2026-07-10 11:40:26] episode=17 step=850 return=-50.000 length=50
[2026-07-10 11:40:26] episode=18 step=900 return=-50.000 length=50
[2026-07-10 11:40:26] episode=19 step=950 return=-50.000 length=50
[2026-07-10 11:40:26] episode=20 step=1000 return=-50.000 length=50
[2026-07-10 11:40:26] episode=21 step=1050 return=-50.000 length=50
[2026-07-10 11:40:26] episode=22 step=1100 return=0.000 length=50
[2026-07-10 11:40:27] episode=23 step=1150 return=-50.000 length=50
[2026-07-10 11:40:27] episode=24 step=1200 return=-50.000 length=50
[2026-07-10 11:40:27] episode=25 step=1250 return=-50.000 length=50
[2026-07-10 11:40:27] episode=26 step=1300 return=-50.000 length=50
[2026-07-10 11:40:27] episode=27 step=1350 return=-50.000 length=50
[2026-07-10 11:40:27] episode=28 step=1400 return=-50.000 length=50
[2026-07-10 11:40:27] episode=29 step=1450 return=-50.000 length=50
[2026-07-10 11:40:27] episode=30 step=1500 return=0.000 length=50
[2026-07-10 11:40:27] episode=31 step=1550 return=-50.000 length=50
[2026-07-10 11:40:27] episode=32 step=1600 return=-50.000 length=50
[2026-07-10 11:40:27] episode=33 step=1650 return=-50.000 length=50
[2026-07-10 11:40:27] episode=34 step=1700 return=-50.000 length=50
[2026-07-10 11:40:27] episode=35 step=1750 return=-50.000 length=50
[2026-07-10 11:40:27] episode=36 step=1800 return=-50.000 length=50
[2026-07-10 11:40:27] episode=37 step=1850 return=-50.000 length=50
[2026-07-10 11:40:27] episode=38 step=1900 return=-50.000 length=50
[2026-07-10 11:40:27] episode=39 step=1950 return=-16.000 length=50
[2026-07-10 11:40:27] episode=40 step=2000 return=-50.000 length=50
[2026-07-10 11:40:27] episode=41 step=2050 return=-50.000 length=50
[2026-07-10 11:40:27] episode=42 step=2100 return=-50.000 length=50
[2026-07-10 11:40:28] episode=43 step=2150 return=-50.000 length=50
[2026-07-10 11:40:28] episode=44 step=2200 return=-50.000 length=50
[2026-07-10 11:40:28] episode=45 step=2250 return=-50.000 length=50
[2026-07-10 11:40:28] episode=46 step=2300 return=-50.000 length=50
[2026-07-10 11:40:28] episode=47 step=2350 return=-50.000 length=50
[2026-07-10 11:40:28] episode=48 step=2400 return=-50.000 length=50
[2026-07-10 11:40:28] episode=49 step=2450 return=-50.000 length=50
[2026-07-10 11:40:28] episode=50 step=2500 return=-50.000 length=50
[2026-07-10 11:40:28] episode=51 step=2550 return=-50.000 length=50
[2026-07-10 11:40:28] episode=52 step=2600 return=-50.000 length=50
[2026-07-10 11:40:28] episode=53 step=2650 return=0.000 length=50
[2026-07-10 11:40:28] episode=54 step=2700 return=-50.000 length=50
[2026-07-10 11:40:28] episode=55 step=2750 return=-50.000 length=50
[2026-07-10 11:40:28] episode=56 step=2800 return=-50.000 length=50
[2026-07-10 11:40:28] episode=57 step=2850 return=-50.000 length=50
[2026-07-10 11:40:28] episode=58 step=2900 return=-50.000 length=50
[2026-07-10 11:40:28] episode=59 step=2950 return=-50.000 length=50
[2026-07-10 11:40:28] episode=60 step=3000 return=-50.000 length=50
[2026-07-10 11:40:28] episode=61 step=3050 return=-50.000 length=50
[2026-07-10 11:40:28] episode=62 step=3100 return=-50.000 length=50
[2026-07-10 11:40:28] episode=63 step=3150 return=0.000 length=50
[2026-07-10 11:40:29] episode=64 step=3200 return=-50.000 length=50
[2026-07-10 11:40:29] episode=65 step=3250 return=-50.000 length=50
[2026-07-10 11:40:29] episode=66 step=3300 return=-50.000 length=50
[2026-07-10 11:40:29] episode=67 step=3350 return=-50.000 length=50
[2026-07-10 11:40:29] episode=68 step=3400 return=-50.000 length=50
[2026-07-10 11:40:29] episode=69 step=3450 return=0.000 length=50
[2026-07-10 11:40:29] episode=70 step=3500 return=-50.000 length=50
[2026-07-10 11:40:29] episode=71 step=3550 return=-50.000 length=50
[2026-07-10 11:40:29] episode=72 step=3600 return=-50.000 length=50
[2026-07-10 11:40:29] episode=73 step=3650 return=-50.000 length=50
[2026-07-10 11:40:29] episode=74 step=3700 return=-50.000 length=50
[2026-07-10 11:40:29] episode=75 step=3750 return=-50.000 length=50
[2026-07-10 11:40:29] episode=76 step=3800 return=-50.000 length=50
[2026-07-10 11:40:29] episode=77 step=3850 return=-50.000 length=50
[2026-07-10 11:40:29] episode=78 step=3900 return=0.000 length=50
[2026-07-10 11:40:29] episode=79 step=3950 return=-50.000 length=50
[2026-07-10 11:40:29] episode=80 step=4000 return=-12.000 length=50
[2026-07-10 11:40:29] episode=81 step=4050 return=-50.000 length=50
[2026-07-10 11:40:29] episode=82 step=4100 return=-50.000 length=50
[2026-07-10 11:40:29] episode=83 step=4150 return=-50.000 length=50
[2026-07-10 11:40:30] episode=84 step=4200 return=-50.000 length=50
[2026-07-10 11:40:30] episode=85 step=4250 return=-50.000 length=50
[2026-07-10 11:40:30] episode=86 step=4300 return=-50.000 length=50
[2026-07-10 11:40:30] episode=87 step=4350 return=-50.000 length=50
[2026-07-10 11:40:30] episode=88 step=4400 return=-50.000 length=50
[2026-07-10 11:40:30] episode=89 step=4450 return=-50.000 length=50
[2026-07-10 11:40:30] episode=90 step=4500 return=-50.000 length=50
[2026-07-10 11:40:30] episode=91 step=4550 return=-50.000 length=50
[2026-07-10 11:40:30] episode=92 step=4600 return=-50.000 length=50
[2026-07-10 11:40:30] episode=93 step=4650 return=-50.000 length=50
[2026-07-10 11:40:30] episode=94 step=4700 return=-50.000 length=50
[2026-07-10 11:40:30] episode=95 step=4750 return=-50.000 length=50
[2026-07-10 11:40:30] episode=96 step=4800 return=-50.000 length=50
[2026-07-10 11:40:30] episode=97 step=4850 return=-50.000 length=50
[2026-07-10 11:40:30] episode=98 step=4900 return=-50.000 length=50
[2026-07-10 11:40:30] episode=99 step=4950 return=-50.000 length=50
[2026-07-10 11:40:30] episode=100 step=5000 return=-50.000 length=50
[2026-07-10 11:40:30] step=5000 critic_loss=0.4903 actor_loss=-0.4972 log_pi=-2.5400 q1=0.1031 q2=-0.0654
[2026-07-10 11:40:31] [eval] step=5000 avg_return=-45.000 NEW_BEST
[2026-07-10 11:40:31] saved best model at step=5000: results\best\FetchPush-v4\20260710_114025\sacher_best.pt
[2026-07-10 11:40:31] saved checkpoint at step=5000: results\checkpoints\FetchPush-v4\20260710_114025\sacher_checkpoint_5000.pt
[2026-07-10 11:40:32] episode=101 step=5050 return=-50.000 length=50
[2026-07-10 11:40:33] episode=102 step=5100 return=-50.000 length=50
[2026-07-10 11:40:33] episode=103 step=5150 return=-50.000 length=50
[2026-07-10 11:40:34] episode=104 step=5200 return=-50.000 length=50
[2026-07-10 11:40:35] episode=105 step=5250 return=-50.000 length=50
[2026-07-10 11:40:35] episode=106 step=5300 return=0.000 length=50
[2026-07-10 11:40:36] episode=107 step=5350 return=-50.000 length=50
[2026-07-10 11:40:37] episode=108 step=5400 return=-50.000 length=50
[2026-07-10 11:40:38] episode=109 step=5450 return=-50.000 length=50
[2026-07-10 11:40:38] episode=110 step=5500 return=-35.000 length=50
[2026-07-10 11:40:38] step=5500 critic_loss=0.3601 actor_loss=-1.2170 log_pi=-2.7293 q1=0.7666 q2=0.7842
[2026-07-10 11:40:39] episode=111 step=5550 return=0.000 length=50
[2026-07-10 11:40:40] episode=112 step=5600 return=-50.000 length=50
[2026-07-10 11:40:40] episode=113 step=5650 return=-50.000 length=50
[2026-07-10 11:40:41] episode=114 step=5700 return=-50.000 length=50
[2026-07-10 11:40:42] episode=115 step=5750 return=-50.000 length=50
[2026-07-10 11:40:43] episode=116 step=5800 return=-50.000 length=50
[2026-07-10 11:40:43] episode=117 step=5850 return=-50.000 length=50
[2026-07-10 11:40:44] episode=118 step=5900 return=-50.000 length=50
[2026-07-10 11:40:45] episode=119 step=5950 return=-50.000 length=50
[2026-07-10 11:40:46] episode=120 step=6000 return=0.000 length=50
[2026-07-10 11:40:46] step=6000 critic_loss=0.3020 actor_loss=-1.4483 log_pi=-2.6874 q1=1.0672 q2=1.0281
[2026-07-10 11:40:46] episode=121 step=6050 return=-50.000 length=50
[2026-07-10 11:40:47] episode=122 step=6100 return=-50.000 length=50
[2026-07-10 11:40:48] episode=123 step=6150 return=-50.000 length=50
[2026-07-10 11:40:49] episode=124 step=6200 return=-50.000 length=50
[2026-07-10 11:40:49] episode=125 step=6250 return=-50.000 length=50
[2026-07-10 11:40:50] episode=126 step=6300 return=-50.000 length=50
[2026-07-10 11:40:51] episode=127 step=6350 return=-50.000 length=50
[2026-07-10 11:40:51] episode=128 step=6400 return=-50.000 length=50
[2026-07-10 11:40:52] episode=129 step=6450 return=-50.000 length=50
[2026-07-10 11:40:53] episode=130 step=6500 return=-50.000 length=50
[2026-07-10 11:40:53] step=6500 critic_loss=0.2695 actor_loss=-1.6432 log_pi=-2.7081 q1=1.2995 q2=1.2597
[2026-07-10 11:40:54] episode=131 step=6550 return=-50.000 length=50
[2026-07-10 11:40:54] episode=132 step=6600 return=-50.000 length=50
[2026-07-10 11:40:55] episode=133 step=6650 return=-50.000 length=50
[2026-07-10 11:40:56] episode=134 step=6700 return=-50.000 length=50
[2026-07-10 11:40:57] episode=135 step=6750 return=-50.000 length=50
[2026-07-10 11:40:57] episode=136 step=6800 return=-50.000 length=50
[2026-07-10 11:40:58] episode=137 step=6850 return=-50.000 length=50
[2026-07-10 11:40:59] episode=138 step=6900 return=-50.000 length=50
[2026-07-10 11:41:00] episode=139 step=6950 return=-50.000 length=50
[2026-07-10 11:41:00] episode=140 step=7000 return=-50.000 length=50
[2026-07-10 11:41:00] step=7000 critic_loss=0.2881 actor_loss=-1.7734 log_pi=-2.7029 q1=1.5486 q2=1.5413
[2026-07-10 11:41:01] episode=141 step=7050 return=-50.000 length=50
[2026-07-10 11:41:02] episode=142 step=7100 return=-50.000 length=50
[2026-07-10 11:41:03] episode=143 step=7150 return=-50.000 length=50
[2026-07-10 11:41:03] episode=144 step=7200 return=-50.000 length=50
[2026-07-10 11:41:04] episode=145 step=7250 return=0.000 length=50
[2026-07-10 11:41:05] episode=146 step=7300 return=-50.000 length=50
[2026-07-10 11:41:06] episode=147 step=7350 return=-50.000 length=50
[2026-07-10 11:41:06] episode=148 step=7400 return=-50.000 length=50
[2026-07-10 11:41:07] episode=149 step=7450 return=-50.000 length=50
[2026-07-10 11:41:08] episode=150 step=7500 return=-50.000 length=50
[2026-07-10 11:41:08] step=7500 critic_loss=0.2319 actor_loss=-1.4500 log_pi=-2.6893 q1=1.2676 q2=1.2976
[2026-07-10 11:41:08] episode=151 step=7550 return=-50.000 length=50
[2026-07-10 11:41:09] episode=152 step=7600 return=-50.000 length=50
[2026-07-10 11:41:10] episode=153 step=7650 return=-50.000 length=50
[2026-07-10 11:41:11] episode=154 step=7700 return=-50.000 length=50
[2026-07-10 11:41:11] episode=155 step=7750 return=-50.000 length=50
[2026-07-10 11:41:12] episode=156 step=7800 return=-50.000 length=50
[2026-07-10 11:41:13] episode=157 step=7850 return=-50.000 length=50
[2026-07-10 11:41:14] episode=158 step=7900 return=-50.000 length=50
[2026-07-10 11:41:14] episode=159 step=7950 return=-50.000 length=50
[2026-07-10 11:41:15] episode=160 step=8000 return=-50.000 length=50
[2026-07-10 11:41:15] step=8000 critic_loss=0.5314 actor_loss=-1.5048 log_pi=-2.6808 q1=1.4187 q2=1.4342
[2026-07-10 11:41:16] episode=161 step=8050 return=-50.000 length=50
[2026-07-10 11:41:17] episode=162 step=8100 return=-50.000 length=50
[2026-07-10 11:41:17] episode=163 step=8150 return=-50.000 length=50
[2026-07-10 11:41:18] episode=164 step=8200 return=-50.000 length=50
[2026-07-10 11:41:19] episode=165 step=8250 return=-50.000 length=50
[2026-07-10 11:41:19] episode=166 step=8300 return=-50.000 length=50
[2026-07-10 11:41:20] episode=167 step=8350 return=-50.000 length=50
[2026-07-10 11:41:21] episode=168 step=8400 return=-50.000 length=50
[2026-07-10 11:41:22] episode=169 step=8450 return=-50.000 length=50
[2026-07-10 11:41:23] episode=170 step=8500 return=-50.000 length=50
[2026-07-10 11:41:23] step=8500 critic_loss=0.2937 actor_loss=-1.3026 log_pi=-2.6518 q1=1.1413 q2=1.1853
[2026-07-10 11:41:23] episode=171 step=8550 return=-50.000 length=50
[2026-07-10 11:41:24] episode=172 step=8600 return=-50.000 length=50
[2026-07-10 11:41:25] episode=173 step=8650 return=-50.000 length=50
[2026-07-10 11:41:26] episode=174 step=8700 return=-50.000 length=50
[2026-07-10 11:41:26] episode=175 step=8750 return=-50.000 length=50
[2026-07-10 11:41:27] episode=176 step=8800 return=-50.000 length=50
[2026-07-10 11:41:28] episode=177 step=8850 return=-50.000 length=50
[2026-07-10 11:41:29] episode=178 step=8900 return=-50.000 length=50
[2026-07-10 11:41:30] episode=179 step=8950 return=-50.000 length=50
[2026-07-10 11:41:30] episode=180 step=9000 return=-50.000 length=50
[2026-07-10 11:41:30] step=9000 critic_loss=0.7872 actor_loss=-1.2092 log_pi=-2.6312 q1=1.0700 q2=1.1065
[2026-07-10 11:41:31] episode=181 step=9050 return=-50.000 length=50
[2026-07-10 11:41:32] episode=182 step=9100 return=0.000 length=50
[2026-07-10 11:41:33] episode=183 step=9150 return=-50.000 length=50
[2026-07-10 11:41:33] episode=184 step=9200 return=0.000 length=50
[2026-07-10 11:41:34] episode=185 step=9250 return=-50.000 length=50
[2026-07-10 11:41:35] episode=186 step=9300 return=-50.000 length=50
[2026-07-10 11:41:36] episode=187 step=9350 return=-50.000 length=50
[2026-07-10 11:41:36] episode=188 step=9400 return=-50.000 length=50
[2026-07-10 11:41:37] episode=189 step=9450 return=-50.000 length=50
[2026-07-10 11:41:38] episode=190 step=9500 return=-50.000 length=50
[2026-07-10 11:41:38] step=9500 critic_loss=0.5733 actor_loss=-1.1289 log_pi=-2.5209 q1=1.0516 q2=1.0648
[2026-07-10 11:41:39] episode=191 step=9550 return=0.000 length=50
[2026-07-10 11:41:39] episode=192 step=9600 return=-50.000 length=50
[2026-07-10 11:41:40] episode=193 step=9650 return=-50.000 length=50
[2026-07-10 11:41:41] episode=194 step=9700 return=-50.000 length=50
[2026-07-10 11:41:42] episode=195 step=9750 return=-50.000 length=50
[2026-07-10 11:41:42] episode=196 step=9800 return=-50.000 length=50
[2026-07-10 11:41:43] episode=197 step=9850 return=-50.000 length=50
[2026-07-10 11:41:44] episode=198 step=9900 return=-50.000 length=50
[2026-07-10 11:41:45] episode=199 step=9950 return=-50.000 length=50
[2026-07-10 11:41:46] episode=200 step=10000 return=-50.000 length=50
[2026-07-10 11:41:46] step=10000 critic_loss=0.3754 actor_loss=-0.9890 log_pi=-2.3607 q1=0.8164 q2=0.8487
[2026-07-10 11:41:46] [eval] step=10000 avg_return=-45.000
[2026-07-10 11:41:46] saved checkpoint at step=10000: results\checkpoints\FetchPush-v4\20260710_114025\sacher_checkpoint_10000.pt
[2026-07-10 11:41:47] episode=201 step=10050 return=-50.000 length=50
[2026-07-10 11:41:48] episode=202 step=10100 return=-50.000 length=50
[2026-07-10 11:41:49] episode=203 step=10150 return=-50.000 length=50
[2026-07-10 11:41:49] episode=204 step=10200 return=-50.000 length=50
[2026-07-10 11:41:50] episode=205 step=10250 return=0.000 length=50
[2026-07-10 11:41:51] episode=206 step=10300 return=0.000 length=50
[2026-07-10 11:41:52] episode=207 step=10350 return=-50.000 length=50
[2026-07-10 11:41:52] episode=208 step=10400 return=-50.000 length=50
[2026-07-10 11:41:53] episode=209 step=10450 return=-50.000 length=50
[2026-07-10 11:41:54] episode=210 step=10500 return=-50.000 length=50
[2026-07-10 11:41:54] step=10500 critic_loss=0.2426 actor_loss=-0.3384 log_pi=-2.1464 q1=0.1916 q2=0.1745
[2026-07-10 11:41:55] episode=211 step=10550 return=-50.000 length=50
[2026-07-10 11:41:55] episode=212 step=10600 return=-50.000 length=50
[2026-07-10 11:41:56] episode=213 step=10650 return=-50.000 length=50
[2026-07-10 11:41:57] episode=214 step=10700 return=-50.000 length=50
[2026-07-10 11:41:58] episode=215 step=10750 return=-50.000 length=50
[2026-07-10 11:41:59] episode=216 step=10800 return=-50.000 length=50
[2026-07-10 11:41:59] episode=217 step=10850 return=-50.000 length=50
[2026-07-10 11:42:00] episode=218 step=10900 return=-50.000 length=50
[2026-07-10 11:42:01] episode=219 step=10950 return=-50.000 length=50
[2026-07-10 11:42:02] episode=220 step=11000 return=-50.000 length=50
[2026-07-10 11:42:02] step=11000 critic_loss=0.4504 actor_loss=-0.8144 log_pi=-2.1220 q1=0.7650 q2=0.6840
[2026-07-10 11:42:03] episode=221 step=11050 return=-50.000 length=50
[2026-07-10 11:42:04] episode=222 step=11100 return=-50.000 length=50
[2026-07-10 11:42:04] episode=223 step=11150 return=-50.000 length=50
[2026-07-10 11:42:05] episode=224 step=11200 return=-50.000 length=50
[2026-07-10 11:42:06] episode=225 step=11250 return=-50.000 length=50
[2026-07-10 11:42:07] episode=226 step=11300 return=-50.000 length=50
[2026-07-10 11:42:08] episode=227 step=11350 return=-50.000 length=50
[2026-07-10 11:42:08] episode=228 step=11400 return=-50.000 length=50
[2026-07-10 11:42:09] episode=229 step=11450 return=-50.000 length=50
[2026-07-10 11:42:10] episode=230 step=11500 return=-50.000 length=50
[2026-07-10 11:42:10] step=11500 critic_loss=0.2728 actor_loss=-0.0991 log_pi=-1.9244 q1=0.0336 q2=-0.0082
[2026-07-10 11:42:11] episode=231 step=11550 return=-50.000 length=50
[2026-07-10 11:42:12] episode=232 step=11600 return=-50.000 length=50
[2026-07-10 11:42:12] episode=233 step=11650 return=-50.000 length=50
[2026-07-10 11:42:13] episode=234 step=11700 return=-50.000 length=50
[2026-07-10 11:42:14] episode=235 step=11750 return=-50.000 length=50
[2026-07-10 11:42:15] episode=236 step=11800 return=-50.000 length=50
[2026-07-10 11:42:16] episode=237 step=11850 return=-50.000 length=50
[2026-07-10 11:42:17] episode=238 step=11900 return=-50.000 length=50
[2026-07-10 11:42:17] episode=239 step=11950 return=-50.000 length=50
[2026-07-10 11:42:18] episode=240 step=12000 return=-50.000 length=50
[2026-07-10 11:42:18] step=12000 critic_loss=2.2608 actor_loss=0.3008 log_pi=-1.6203 q1=-0.3059 q2=-0.2523
[2026-07-10 11:42:19] episode=241 step=12050 return=-50.000 length=50
[2026-07-10 11:42:20] episode=242 step=12100 return=-50.000 length=50
[2026-07-10 11:42:21] episode=243 step=12150 return=-50.000 length=50
[2026-07-10 11:42:22] episode=244 step=12200 return=-50.000 length=50
[2026-07-10 11:42:22] episode=245 step=12250 return=-50.000 length=50
[2026-07-10 11:42:23] episode=246 step=12300 return=-50.000 length=50
[2026-07-10 11:42:24] episode=247 step=12350 return=-50.000 length=50
[2026-07-10 11:42:25] episode=248 step=12400 return=-50.000 length=50
[2026-07-10 11:42:26] episode=249 step=12450 return=-50.000 length=50
[2026-07-10 11:42:27] episode=250 step=12500 return=-50.000 length=50
[2026-07-10 11:42:27] step=12500 critic_loss=0.3060 actor_loss=0.3874 log_pi=-1.4682 q1=-0.4372 q2=-0.4259
[2026-07-10 11:42:27] episode=251 step=12550 return=-50.000 length=50
[2026-07-10 11:42:28] episode=252 step=12600 return=-50.000 length=50
[2026-07-10 11:42:29] episode=253 step=12650 return=-50.000 length=50
[2026-07-10 11:42:30] episode=254 step=12700 return=-50.000 length=50
[2026-07-10 11:42:31] episode=255 step=12750 return=-50.000 length=50
[2026-07-10 11:42:31] episode=256 step=12800 return=-50.000 length=50
[2026-07-10 11:42:32] episode=257 step=12850 return=-50.000 length=50
[2026-07-10 11:42:33] episode=258 step=12900 return=-50.000 length=50
[2026-07-10 11:42:34] episode=259 step=12950 return=-50.000 length=50
[2026-07-10 11:42:35] episode=260 step=13000 return=-50.000 length=50
[2026-07-10 11:42:35] step=13000 critic_loss=1.4875 actor_loss=0.4509 log_pi=-0.5856 q1=-0.4767 q2=-0.5316
[2026-07-10 11:42:35] episode=261 step=13050 return=-50.000 length=50
[2026-07-10 11:42:36] episode=262 step=13100 return=-50.000 length=50
[2026-07-10 11:42:37] episode=263 step=13150 return=-50.000 length=50
[2026-07-10 11:42:38] episode=264 step=13200 return=-50.000 length=50
[2026-07-10 11:42:39] episode=265 step=13250 return=0.000 length=50
[2026-07-10 11:42:40] episode=266 step=13300 return=-50.000 length=50
[2026-07-10 11:42:40] episode=267 step=13350 return=-50.000 length=50
[2026-07-10 11:42:41] episode=268 step=13400 return=-50.000 length=50
[2026-07-10 11:42:42] episode=269 step=13450 return=-50.000 length=50
[2026-07-10 11:42:43] episode=270 step=13500 return=-50.000 length=50
[2026-07-10 11:42:43] step=13500 critic_loss=2.6581 actor_loss=0.5046 log_pi=-0.2109 q1=-0.5081 q2=-0.4857
[2026-07-10 11:42:44] episode=271 step=13550 return=-50.000 length=50
[2026-07-10 11:42:45] episode=272 step=13600 return=-50.000 length=50
[2026-07-10 11:42:46] episode=273 step=13650 return=-50.000 length=50
[2026-07-10 11:42:46] episode=274 step=13700 return=-50.000 length=50
[2026-07-10 11:42:47] episode=275 step=13750 return=-50.000 length=50
[2026-07-10 11:42:48] episode=276 step=13800 return=-50.000 length=50
[2026-07-10 11:42:48] Closing logger
