[2026-07-10 11:31:23] Initialize SAC+HER Trainer: run name=20260710_113122
[2026-07-10 11:31:23] episode=1 step=50 return=-50.000 length=50
[2026-07-10 11:31:23] episode=2 step=100 return=-50.000 length=50
[2026-07-10 11:31:23] episode=3 step=150 return=-50.000 length=50
[2026-07-10 11:31:23] episode=4 step=200 return=-50.000 length=50
[2026-07-10 11:31:24] episode=5 step=250 return=-50.000 length=50
[2026-07-10 11:31:24] episode=6 step=300 return=-50.000 length=50
[2026-07-10 11:31:24] episode=7 step=350 return=0.000 length=50
[2026-07-10 11:31:24] episode=8 step=400 return=-50.000 length=50
[2026-07-10 11:31:24] episode=9 step=450 return=-50.000 length=50
[2026-07-10 11:31:24] episode=10 step=500 return=-50.000 length=50
[2026-07-10 11:31:24] episode=11 step=550 return=-50.000 length=50
[2026-07-10 11:31:24] episode=12 step=600 return=-50.000 length=50
[2026-07-10 11:31:24] episode=13 step=650 return=-50.000 length=50
[2026-07-10 11:31:24] episode=14 step=700 return=-50.000 length=50
[2026-07-10 11:31:24] episode=15 step=750 return=-50.000 length=50
[2026-07-10 11:31:24] episode=16 step=800 return=-50.000 length=50
[2026-07-10 11:31:24] episode=17 step=850 return=-50.000 length=50
[2026-07-10 11:31:24] episode=18 step=900 return=-50.000 length=50
[2026-07-10 11:31:24] episode=19 step=950 return=-50.000 length=50
[2026-07-10 11:31:24] episode=20 step=1000 return=-50.000 length=50
[2026-07-10 11:31:24] episode=21 step=1050 return=-50.000 length=50
[2026-07-10 11:31:24] episode=22 step=1100 return=-50.000 length=50
[2026-07-10 11:31:24] episode=23 step=1150 return=-50.000 length=50
[2026-07-10 11:31:24] episode=24 step=1200 return=-50.000 length=50
[2026-07-10 11:31:25] episode=25 step=1250 return=-50.000 length=50
[2026-07-10 11:31:25] episode=26 step=1300 return=-50.000 length=50
[2026-07-10 11:31:25] episode=27 step=1350 return=-50.000 length=50
[2026-07-10 11:31:25] episode=28 step=1400 return=-50.000 length=50
[2026-07-10 11:31:25] episode=29 step=1450 return=-50.000 length=50
[2026-07-10 11:31:25] episode=30 step=1500 return=-50.000 length=50
[2026-07-10 11:31:25] episode=31 step=1550 return=-50.000 length=50
[2026-07-10 11:31:25] episode=32 step=1600 return=0.000 length=50
[2026-07-10 11:31:25] episode=33 step=1650 return=-50.000 length=50
[2026-07-10 11:31:25] episode=34 step=1700 return=-50.000 length=50
[2026-07-10 11:31:25] episode=35 step=1750 return=-50.000 length=50
[2026-07-10 11:31:25] episode=36 step=1800 return=-50.000 length=50
[2026-07-10 11:31:25] episode=37 step=1850 return=0.000 length=50
[2026-07-10 11:31:25] episode=38 step=1900 return=-50.000 length=50
[2026-07-10 11:31:25] episode=39 step=1950 return=-50.000 length=50
[2026-07-10 11:31:25] episode=40 step=2000 return=-50.000 length=50
[2026-07-10 11:31:25] episode=41 step=2050 return=-50.000 length=50
[2026-07-10 11:31:25] episode=42 step=2100 return=-50.000 length=50
[2026-07-10 11:31:25] episode=43 step=2150 return=-50.000 length=50
[2026-07-10 11:31:25] episode=44 step=2200 return=-50.000 length=50
[2026-07-10 11:31:26] episode=45 step=2250 return=-50.000 length=50
[2026-07-10 11:31:26] episode=46 step=2300 return=-50.000 length=50
[2026-07-10 11:31:26] episode=47 step=2350 return=-50.000 length=50
[2026-07-10 11:31:26] episode=48 step=2400 return=-50.000 length=50
[2026-07-10 11:31:26] episode=49 step=2450 return=-50.000 length=50
[2026-07-10 11:31:26] episode=50 step=2500 return=-50.000 length=50
[2026-07-10 11:31:26] episode=51 step=2550 return=-50.000 length=50
[2026-07-10 11:31:26] episode=52 step=2600 return=-50.000 length=50
[2026-07-10 11:31:26] episode=53 step=2650 return=-50.000 length=50
[2026-07-10 11:31:26] episode=54 step=2700 return=-50.000 length=50
[2026-07-10 11:31:26] episode=55 step=2750 return=-50.000 length=50
[2026-07-10 11:31:26] episode=56 step=2800 return=-50.000 length=50
[2026-07-10 11:31:26] episode=57 step=2850 return=-50.000 length=50
[2026-07-10 11:31:26] episode=58 step=2900 return=-50.000 length=50
[2026-07-10 11:31:26] episode=59 step=2950 return=-50.000 length=50
[2026-07-10 11:31:26] episode=60 step=3000 return=-50.000 length=50
[2026-07-10 11:31:26] episode=61 step=3050 return=-50.000 length=50
[2026-07-10 11:31:26] episode=62 step=3100 return=-50.000 length=50
[2026-07-10 11:31:26] episode=63 step=3150 return=-50.000 length=50
[2026-07-10 11:31:26] episode=64 step=3200 return=-50.000 length=50
[2026-07-10 11:31:27] episode=65 step=3250 return=-50.000 length=50
[2026-07-10 11:31:27] episode=66 step=3300 return=-50.000 length=50
[2026-07-10 11:31:27] episode=67 step=3350 return=-50.000 length=50
[2026-07-10 11:31:27] episode=68 step=3400 return=-50.000 length=50
[2026-07-10 11:31:27] episode=69 step=3450 return=-50.000 length=50
[2026-07-10 11:31:27] episode=70 step=3500 return=-50.000 length=50
[2026-07-10 11:31:27] episode=71 step=3550 return=-50.000 length=50
[2026-07-10 11:31:27] episode=72 step=3600 return=-50.000 length=50
[2026-07-10 11:31:27] episode=73 step=3650 return=-50.000 length=50
[2026-07-10 11:31:27] episode=74 step=3700 return=-50.000 length=50
[2026-07-10 11:31:27] episode=75 step=3750 return=-50.000 length=50
[2026-07-10 11:31:27] episode=76 step=3800 return=-50.000 length=50
[2026-07-10 11:31:27] episode=77 step=3850 return=-50.000 length=50
[2026-07-10 11:31:27] episode=78 step=3900 return=-50.000 length=50
[2026-07-10 11:31:27] episode=79 step=3950 return=-50.000 length=50
[2026-07-10 11:31:27] episode=80 step=4000 return=-50.000 length=50
[2026-07-10 11:31:27] episode=81 step=4050 return=-50.000 length=50
[2026-07-10 11:31:27] episode=82 step=4100 return=-50.000 length=50
[2026-07-10 11:31:27] episode=83 step=4150 return=-50.000 length=50
[2026-07-10 11:31:28] episode=84 step=4200 return=-50.000 length=50
[2026-07-10 11:31:28] episode=85 step=4250 return=-50.000 length=50
[2026-07-10 11:31:28] episode=86 step=4300 return=-50.000 length=50
[2026-07-10 11:31:28] episode=87 step=4350 return=-50.000 length=50
[2026-07-10 11:31:28] episode=88 step=4400 return=-50.000 length=50
[2026-07-10 11:31:28] episode=89 step=4450 return=0.000 length=50
[2026-07-10 11:31:28] episode=90 step=4500 return=-50.000 length=50
[2026-07-10 11:31:28] episode=91 step=4550 return=-47.000 length=50
[2026-07-10 11:31:28] episode=92 step=4600 return=-50.000 length=50
[2026-07-10 11:31:28] episode=93 step=4650 return=-50.000 length=50
[2026-07-10 11:31:28] episode=94 step=4700 return=-50.000 length=50
[2026-07-10 11:31:28] episode=95 step=4750 return=-50.000 length=50
[2026-07-10 11:31:28] episode=96 step=4800 return=-50.000 length=50
[2026-07-10 11:31:28] episode=97 step=4850 return=-50.000 length=50
[2026-07-10 11:31:28] episode=98 step=4900 return=-50.000 length=50
[2026-07-10 11:31:28] episode=99 step=4950 return=-50.000 length=50
[2026-07-10 11:31:28] episode=100 step=5000 return=-50.000 length=50
[2026-07-10 11:31:28] step=5000 critic_loss=0.4794 actor_loss=-0.4984 log_pi=-2.5464 q1=0.1042 q2=-0.0655
[2026-07-10 11:31:29] [eval] step=5000 avg_return=-45.000 NEW_BEST
[2026-07-10 11:31:29] saved best model at step=5000: results\best\FetchPush-v4\20260710_113122\sacher_best.pt
[2026-07-10 11:31:29] saved checkpoint at step=5000: results\checkpoints\FetchPush-v4\20260710_113122\sacher_checkpoint_5000.pt
[2026-07-10 11:31:30] episode=101 step=5050 return=-50.000 length=50
[2026-07-10 11:31:31] episode=102 step=5100 return=-50.000 length=50
[2026-07-10 11:31:31] episode=103 step=5150 return=-50.000 length=50
[2026-07-10 11:31:32] episode=104 step=5200 return=0.000 length=50
[2026-07-10 11:31:33] episode=105 step=5250 return=-50.000 length=50
[2026-07-10 11:31:33] episode=106 step=5300 return=-50.000 length=50
[2026-07-10 11:31:34] episode=107 step=5350 return=-50.000 length=50
[2026-07-10 11:31:35] episode=108 step=5400 return=-50.000 length=50
[2026-07-10 11:31:36] episode=109 step=5450 return=-50.000 length=50
[2026-07-10 11:31:36] episode=110 step=5500 return=-50.000 length=50
[2026-07-10 11:31:36] step=5500 critic_loss=0.3875 actor_loss=-1.2816 log_pi=-2.7366 q1=0.8370 q2=0.8272
[2026-07-10 11:31:37] episode=111 step=5550 return=-50.000 length=50
[2026-07-10 11:31:38] episode=112 step=5600 return=-50.000 length=50
[2026-07-10 11:31:39] episode=113 step=5650 return=-50.000 length=50
[2026-07-10 11:31:40] episode=114 step=5700 return=-50.000 length=50
[2026-07-10 11:31:40] episode=115 step=5750 return=-50.000 length=50
[2026-07-10 11:31:41] episode=116 step=5800 return=0.000 length=50
[2026-07-10 11:31:42] episode=117 step=5850 return=-50.000 length=50
[2026-07-10 11:31:43] episode=118 step=5900 return=-50.000 length=50
[2026-07-10 11:31:43] episode=119 step=5950 return=-50.000 length=50
[2026-07-10 11:31:44] episode=120 step=6000 return=-50.000 length=50
[2026-07-10 11:31:44] step=6000 critic_loss=0.2110 actor_loss=-1.5146 log_pi=-2.6794 q1=1.1597 q2=1.1574
[2026-07-10 11:31:45] episode=121 step=6050 return=-50.000 length=50
[2026-07-10 11:31:46] episode=122 step=6100 return=-50.000 length=50
[2026-07-10 11:31:47] episode=123 step=6150 return=-50.000 length=50
[2026-07-10 11:31:47] episode=124 step=6200 return=-50.000 length=50
[2026-07-10 11:31:48] episode=125 step=6250 return=-50.000 length=50
[2026-07-10 11:31:48] Closing logger
