[2026-07-10 11:32:39] Initialize SAC+HER Trainer: run name=20260710_113239
[2026-07-10 11:32:39] episode=1 step=50 return=-9.382 length=50
[2026-07-10 11:32:40] episode=2 step=100 return=-13.355 length=50
[2026-07-10 11:32:40] episode=3 step=150 return=-1.336 length=50
[2026-07-10 11:32:40] episode=4 step=200 return=-5.676 length=50
[2026-07-10 11:32:40] episode=5 step=250 return=-5.109 length=50
[2026-07-10 11:32:40] episode=6 step=300 return=-7.244 length=50
[2026-07-10 11:32:40] episode=7 step=350 return=-12.370 length=50
[2026-07-10 11:32:40] episode=8 step=400 return=-16.540 length=50
[2026-07-10 11:32:40] episode=9 step=450 return=-11.481 length=50
[2026-07-10 11:32:40] episode=10 step=500 return=-0.973 length=50
[2026-07-10 11:32:40] episode=11 step=550 return=-9.542 length=50
[2026-07-10 11:32:40] episode=12 step=600 return=-0.917 length=50
[2026-07-10 11:32:40] episode=13 step=650 return=-13.166 length=50
[2026-07-10 11:32:40] episode=14 step=700 return=-11.320 length=50
[2026-07-10 11:32:40] episode=15 step=750 return=-13.116 length=50
[2026-07-10 11:32:40] episode=16 step=800 return=-11.958 length=50
[2026-07-10 11:32:40] episode=17 step=850 return=-10.394 length=50
[2026-07-10 11:32:40] episode=18 step=900 return=-3.027 length=50
[2026-07-10 11:32:40] episode=19 step=950 return=-5.642 length=50
[2026-07-10 11:32:40] episode=20 step=1000 return=-9.255 length=50
[2026-07-10 11:32:40] episode=21 step=1050 return=-9.319 length=50
[2026-07-10 11:32:41] episode=22 step=1100 return=-3.308 length=50
[2026-07-10 11:32:41] episode=23 step=1150 return=-12.228 length=50
[2026-07-10 11:32:41] episode=24 step=1200 return=-8.669 length=50
[2026-07-10 11:32:41] episode=25 step=1250 return=-9.830 length=50
[2026-07-10 11:32:41] episode=26 step=1300 return=-11.837 length=50
[2026-07-10 11:32:41] episode=27 step=1350 return=-11.277 length=50
[2026-07-10 11:32:41] episode=28 step=1400 return=-8.609 length=50
[2026-07-10 11:32:41] episode=29 step=1450 return=-14.174 length=50
[2026-07-10 11:32:41] episode=30 step=1500 return=-14.630 length=50
[2026-07-10 11:32:41] episode=31 step=1550 return=-6.150 length=50
[2026-07-10 11:32:41] episode=32 step=1600 return=-4.729 length=50
[2026-07-10 11:32:41] episode=33 step=1650 return=-11.593 length=50
[2026-07-10 11:32:41] episode=34 step=1700 return=-18.729 length=50
[2026-07-10 11:32:41] episode=35 step=1750 return=-12.178 length=50
[2026-07-10 11:32:41] episode=36 step=1800 return=-2.700 length=50
[2026-07-10 11:32:41] episode=37 step=1850 return=-6.070 length=50
[2026-07-10 11:32:41] episode=38 step=1900 return=-1.265 length=50
[2026-07-10 11:32:41] episode=39 step=1950 return=-2.864 length=50
[2026-07-10 11:32:41] episode=40 step=2000 return=-8.965 length=50
[2026-07-10 11:32:41] episode=41 step=2050 return=-8.606 length=50
[2026-07-10 11:32:42] episode=42 step=2100 return=-10.198 length=50
[2026-07-10 11:32:42] episode=43 step=2150 return=-13.730 length=50
[2026-07-10 11:32:42] episode=44 step=2200 return=-5.181 length=50
[2026-07-10 11:32:42] episode=45 step=2250 return=-2.969 length=50
[2026-07-10 11:32:42] episode=46 step=2300 return=-10.679 length=50
[2026-07-10 11:32:42] episode=47 step=2350 return=-10.916 length=50
[2026-07-10 11:32:42] episode=48 step=2400 return=-5.778 length=50
[2026-07-10 11:32:42] episode=49 step=2450 return=-3.508 length=50
[2026-07-10 11:32:42] episode=50 step=2500 return=-15.866 length=50
[2026-07-10 11:32:42] episode=51 step=2550 return=-12.512 length=50
[2026-07-10 11:32:42] episode=52 step=2600 return=-3.644 length=50
[2026-07-10 11:32:42] episode=53 step=2650 return=-10.953 length=50
[2026-07-10 11:32:42] episode=54 step=2700 return=-13.181 length=50
[2026-07-10 11:32:42] episode=55 step=2750 return=-3.470 length=50
[2026-07-10 11:32:42] episode=56 step=2800 return=-11.509 length=50
[2026-07-10 11:32:42] episode=57 step=2850 return=-2.454 length=50
[2026-07-10 11:32:42] episode=58 step=2900 return=-10.861 length=50
[2026-07-10 11:32:42] episode=59 step=2950 return=-10.468 length=50
[2026-07-10 11:32:42] episode=60 step=3000 return=-9.666 length=50
[2026-07-10 11:32:42] episode=61 step=3050 return=-8.034 length=50
[2026-07-10 11:32:43] episode=62 step=3100 return=-10.124 length=50
[2026-07-10 11:32:43] episode=63 step=3150 return=-9.874 length=50
[2026-07-10 11:32:43] episode=64 step=3200 return=-15.571 length=50
[2026-07-10 11:32:43] episode=65 step=3250 return=-7.645 length=50
[2026-07-10 11:32:43] episode=66 step=3300 return=-10.505 length=50
[2026-07-10 11:32:43] episode=67 step=3350 return=-15.104 length=50
[2026-07-10 11:32:43] episode=68 step=3400 return=-5.721 length=50
[2026-07-10 11:32:43] episode=69 step=3450 return=-2.513 length=50
[2026-07-10 11:32:43] episode=70 step=3500 return=-11.244 length=50
[2026-07-10 11:32:43] episode=71 step=3550 return=-8.660 length=50
[2026-07-10 11:32:43] episode=72 step=3600 return=-12.327 length=50
[2026-07-10 11:32:43] episode=73 step=3650 return=-13.648 length=50
[2026-07-10 11:32:43] episode=74 step=3700 return=-5.232 length=50
[2026-07-10 11:32:43] episode=75 step=3750 return=-1.812 length=50
[2026-07-10 11:32:43] episode=76 step=3800 return=-7.985 length=50
[2026-07-10 11:32:43] episode=77 step=3850 return=-9.973 length=50
[2026-07-10 11:32:43] episode=78 step=3900 return=-6.053 length=50
[2026-07-10 11:32:43] episode=79 step=3950 return=-13.225 length=50
[2026-07-10 11:32:43] episode=80 step=4000 return=-12.486 length=50
[2026-07-10 11:32:43] episode=81 step=4050 return=-5.855 length=50
[2026-07-10 11:32:44] episode=82 step=4100 return=-4.729 length=50
[2026-07-10 11:32:44] episode=83 step=4150 return=-13.541 length=50
[2026-07-10 11:32:44] episode=84 step=4200 return=-9.201 length=50
[2026-07-10 11:32:44] episode=85 step=4250 return=-7.995 length=50
[2026-07-10 11:32:44] episode=86 step=4300 return=-10.530 length=50
[2026-07-10 11:32:44] episode=87 step=4350 return=-14.426 length=50
[2026-07-10 11:32:44] episode=88 step=4400 return=-11.926 length=50
[2026-07-10 11:32:44] episode=89 step=4450 return=-8.845 length=50
[2026-07-10 11:32:44] episode=90 step=4500 return=-3.972 length=50
[2026-07-10 11:32:44] episode=91 step=4550 return=-2.432 length=50
[2026-07-10 11:32:44] episode=92 step=4600 return=-7.797 length=50
[2026-07-10 11:32:44] episode=93 step=4650 return=-16.691 length=50
[2026-07-10 11:32:44] episode=94 step=4700 return=-7.811 length=50
[2026-07-10 11:32:44] episode=95 step=4750 return=-15.761 length=50
[2026-07-10 11:32:44] episode=96 step=4800 return=-8.377 length=50
[2026-07-10 11:32:44] episode=97 step=4850 return=-7.437 length=50
[2026-07-10 11:32:44] episode=98 step=4900 return=-1.894 length=50
[2026-07-10 11:32:44] episode=99 step=4950 return=-8.777 length=50
[2026-07-10 11:32:44] episode=100 step=5000 return=-11.391 length=50
[2026-07-10 11:32:44] step=5000 critic_loss=0.3463 actor_loss=-0.4988 log_pi=-2.5437 q1=0.1015 q2=-0.0646
[2026-07-10 11:32:45] [eval] step=5000 avg_return=-8.783 NEW_BEST
[2026-07-10 11:32:45] saved best model at step=5000: results\best\FetchPushDense-v4\20260710_113239\sacher_best.pt
[2026-07-10 11:32:45] saved checkpoint at step=5000: results\checkpoints\FetchPushDense-v4\20260710_113239\sacher_checkpoint_5000.pt
[2026-07-10 11:32:46] episode=101 step=5050 return=-13.933 length=50
[2026-07-10 11:32:47] episode=102 step=5100 return=-3.887 length=50
[2026-07-10 11:32:47] episode=103 step=5150 return=-2.590 length=50
[2026-07-10 11:32:48] episode=104 step=5200 return=-10.796 length=50
[2026-07-10 11:32:49] episode=105 step=5250 return=-4.071 length=50
[2026-07-10 11:32:50] episode=106 step=5300 return=-6.970 length=50
[2026-07-10 11:32:50] episode=107 step=5350 return=-3.239 length=50
[2026-07-10 11:32:51] episode=108 step=5400 return=-4.159 length=50
[2026-07-10 11:32:52] episode=109 step=5450 return=-11.663 length=50
[2026-07-10 11:32:53] episode=110 step=5500 return=-16.409 length=50
[2026-07-10 11:32:53] step=5500 critic_loss=0.0963 actor_loss=-1.8052 log_pi=-2.7473 q1=1.3422 q2=1.3461
[2026-07-10 11:32:53] episode=111 step=5550 return=-1.401 length=50
[2026-07-10 11:32:54] episode=112 step=5600 return=-14.177 length=50
[2026-07-10 11:32:55] episode=113 step=5650 return=-14.970 length=50
[2026-07-10 11:32:56] episode=114 step=5700 return=-2.100 length=50
[2026-07-10 11:32:56] episode=115 step=5750 return=-13.523 length=50
[2026-07-10 11:32:57] episode=116 step=5800 return=-11.336 length=50
[2026-07-10 11:32:58] episode=117 step=5850 return=-6.085 length=50
[2026-07-10 11:32:59] episode=118 step=5900 return=-6.745 length=50
[2026-07-10 11:33:00] episode=119 step=5950 return=-8.602 length=50
[2026-07-10 11:33:00] episode=120 step=6000 return=-7.192 length=50
[2026-07-10 11:33:00] step=6000 critic_loss=0.1081 actor_loss=-2.4152 log_pi=-2.6956 q1=2.0034 q2=1.9926
[2026-07-10 11:33:01] episode=121 step=6050 return=-6.238 length=50
[2026-07-10 11:33:02] episode=122 step=6100 return=-11.275 length=50
[2026-07-10 11:33:03] episode=123 step=6150 return=-9.340 length=50
[2026-07-10 11:33:03] episode=124 step=6200 return=-7.433 length=50
[2026-07-10 11:33:04] episode=125 step=6250 return=-8.356 length=50
[2026-07-10 11:33:05] episode=126 step=6300 return=-10.947 length=50
[2026-07-10 11:33:06] episode=127 step=6350 return=-7.695 length=50
[2026-07-10 11:33:06] episode=128 step=6400 return=-14.622 length=50
[2026-07-10 11:33:07] episode=129 step=6450 return=-11.106 length=50
[2026-07-10 11:33:08] episode=130 step=6500 return=-9.170 length=50
[2026-07-10 11:33:08] step=6500 critic_loss=0.3000 actor_loss=-2.8600 log_pi=-2.7204 q1=2.5097 q2=2.5006
[2026-07-10 11:33:09] episode=131 step=6550 return=-11.177 length=50
[2026-07-10 11:33:09] episode=132 step=6600 return=-13.238 length=50
[2026-07-10 11:33:10] episode=133 step=6650 return=-11.464 length=50
[2026-07-10 11:33:11] episode=134 step=6700 return=-11.822 length=50
[2026-07-10 11:33:12] episode=135 step=6750 return=-3.723 length=50
[2026-07-10 11:33:13] episode=136 step=6800 return=-7.327 length=50
[2026-07-10 11:33:13] episode=137 step=6850 return=-4.951 length=50
[2026-07-10 11:33:14] episode=138 step=6900 return=-3.375 length=50
[2026-07-10 11:33:15] episode=139 step=6950 return=-2.352 length=50
[2026-07-10 11:33:15] episode=140 step=7000 return=-9.607 length=50
[2026-07-10 11:33:15] step=7000 critic_loss=0.3646 actor_loss=-3.1636 log_pi=-2.6844 q1=2.8829 q2=2.9022
[2026-07-10 11:33:16] episode=141 step=7050 return=-9.465 length=50
[2026-07-10 11:33:17] episode=142 step=7100 return=-11.657 length=50
[2026-07-10 11:33:18] episode=143 step=7150 return=-13.778 length=50
[2026-07-10 11:33:19] episode=144 step=7200 return=-11.952 length=50
[2026-07-10 11:33:19] episode=145 step=7250 return=-8.348 length=50
[2026-07-10 11:33:20] episode=146 step=7300 return=-18.034 length=50
[2026-07-10 11:33:21] episode=147 step=7350 return=-9.017 length=50
[2026-07-10 11:33:22] episode=148 step=7400 return=-1.144 length=50
[2026-07-10 11:33:22] episode=149 step=7450 return=-12.340 length=50
[2026-07-10 11:33:23] episode=150 step=7500 return=-14.820 length=50
[2026-07-10 11:33:23] step=7500 critic_loss=0.4970 actor_loss=-3.3465 log_pi=-2.6053 q1=3.1331 q2=3.1187
[2026-07-10 11:33:24] episode=151 step=7550 return=-3.731 length=50
[2026-07-10 11:33:25] episode=152 step=7600 return=-15.089 length=50
[2026-07-10 11:33:26] episode=153 step=7650 return=-3.572 length=50
[2026-07-10 11:33:26] episode=154 step=7700 return=-11.448 length=50
[2026-07-10 11:33:27] episode=155 step=7750 return=-6.864 length=50
[2026-07-10 11:33:28] episode=156 step=7800 return=-11.453 length=50
[2026-07-10 11:33:29] episode=157 step=7850 return=-10.467 length=50
[2026-07-10 11:33:29] episode=158 step=7900 return=-6.946 length=50
[2026-07-10 11:33:30] episode=159 step=7950 return=-6.901 length=50
[2026-07-10 11:33:31] episode=160 step=8000 return=-14.710 length=50
[2026-07-10 11:33:31] step=8000 critic_loss=0.2875 actor_loss=-3.4312 log_pi=-2.5574 q1=3.2248 q2=3.2140
[2026-07-10 11:33:32] episode=161 step=8050 return=-12.587 length=50
[2026-07-10 11:33:32] episode=162 step=8100 return=-10.731 length=50
[2026-07-10 11:33:33] episode=163 step=8150 return=-3.579 length=50
[2026-07-10 11:33:34] episode=164 step=8200 return=-15.929 length=50
[2026-07-10 11:33:35] episode=165 step=8250 return=-6.325 length=50
[2026-07-10 11:33:35] episode=166 step=8300 return=-8.815 length=50
[2026-07-10 11:33:36] episode=167 step=8350 return=-8.783 length=50
[2026-07-10 11:33:37] episode=168 step=8400 return=-10.619 length=50
[2026-07-10 11:33:38] episode=169 step=8450 return=-2.571 length=50
[2026-07-10 11:33:38] episode=170 step=8500 return=-11.649 length=50
[2026-07-10 11:33:38] step=8500 critic_loss=0.3696 actor_loss=-3.3049 log_pi=-2.4768 q1=3.1257 q2=3.1245
[2026-07-10 11:33:39] episode=171 step=8550 return=-2.945 length=50
[2026-07-10 11:33:40] episode=172 step=8600 return=-2.951 length=50
[2026-07-10 11:33:41] episode=173 step=8650 return=-12.121 length=50
[2026-07-10 11:33:41] episode=174 step=8700 return=-4.294 length=50
[2026-07-10 11:33:42] episode=175 step=8750 return=-1.217 length=50
[2026-07-10 11:33:43] episode=176 step=8800 return=-0.343 length=50
[2026-07-10 11:33:44] episode=177 step=8850 return=-6.799 length=50
[2026-07-10 11:33:44] episode=178 step=8900 return=-11.181 length=50
[2026-07-10 11:33:45] episode=179 step=8950 return=-7.837 length=50
[2026-07-10 11:33:46] episode=180 step=9000 return=-10.861 length=50
[2026-07-10 11:33:46] step=9000 critic_loss=0.2793 actor_loss=-3.2471 log_pi=-2.3934 q1=3.1378 q2=3.1247
[2026-07-10 11:33:47] episode=181 step=9050 return=-5.589 length=50
[2026-07-10 11:33:47] episode=182 step=9100 return=-11.643 length=50
[2026-07-10 11:33:48] episode=183 step=9150 return=-6.030 length=50
[2026-07-10 11:33:49] episode=184 step=9200 return=-5.750 length=50
[2026-07-10 11:33:50] episode=185 step=9250 return=-23.457 length=50
[2026-07-10 11:33:50] episode=186 step=9300 return=-11.779 length=50
[2026-07-10 11:33:51] episode=187 step=9350 return=-7.480 length=50
[2026-07-10 11:33:52] episode=188 step=9400 return=-6.081 length=50
[2026-07-10 11:33:53] episode=189 step=9450 return=-6.691 length=50
[2026-07-10 11:33:53] episode=190 step=9500 return=-6.158 length=50
[2026-07-10 11:33:53] step=9500 critic_loss=0.3091 actor_loss=-3.2216 log_pi=-2.3661 q1=3.0919 q2=3.1104
[2026-07-10 11:33:54] episode=191 step=9550 return=-5.290 length=50
[2026-07-10 11:33:55] episode=192 step=9600 return=-12.925 length=50
[2026-07-10 11:33:56] episode=193 step=9650 return=-12.675 length=50
[2026-07-10 11:33:56] episode=194 step=9700 return=-11.320 length=50
[2026-07-10 11:33:57] episode=195 step=9750 return=-9.720 length=50
[2026-07-10 11:33:58] episode=196 step=9800 return=-14.234 length=50
[2026-07-10 11:33:59] episode=197 step=9850 return=-13.991 length=50
[2026-07-10 11:33:59] episode=198 step=9900 return=-11.953 length=50
[2026-07-10 11:34:00] episode=199 step=9950 return=-10.534 length=50
[2026-07-10 11:34:01] episode=200 step=10000 return=-19.284 length=50
[2026-07-10 11:34:01] step=10000 critic_loss=0.1762 actor_loss=-2.9549 log_pi=-1.8172 q1=2.8633 q2=2.8593
[2026-07-10 11:34:02] [eval] step=10000 avg_return=-6.911 NEW_BEST
[2026-07-10 11:34:02] saved best model at step=10000: results\best\FetchPushDense-v4\20260710_113239\sacher_best.pt
[2026-07-10 11:34:02] saved checkpoint at step=10000: results\checkpoints\FetchPushDense-v4\20260710_113239\sacher_checkpoint_10000.pt
[2026-07-10 11:34:02] episode=201 step=10050 return=-16.607 length=50
[2026-07-10 11:34:03] episode=202 step=10100 return=-9.580 length=50
[2026-07-10 11:34:04] episode=203 step=10150 return=-17.349 length=50
[2026-07-10 11:34:05] episode=204 step=10200 return=-21.974 length=50
[2026-07-10 11:34:05] episode=205 step=10250 return=-14.373 length=50
[2026-07-10 11:34:06] episode=206 step=10300 return=-13.603 length=50
[2026-07-10 11:34:07] episode=207 step=10350 return=-7.884 length=50
[2026-07-10 11:34:08] episode=208 step=10400 return=-8.360 length=50
[2026-07-10 11:34:09] episode=209 step=10450 return=-11.093 length=50
[2026-07-10 11:34:09] episode=210 step=10500 return=-13.239 length=50
[2026-07-10 11:34:09] step=10500 critic_loss=0.4066 actor_loss=-2.8311 log_pi=-1.3959 q1=2.7480 q2=2.7329
[2026-07-10 11:34:10] episode=211 step=10550 return=-9.545 length=50
[2026-07-10 11:34:11] episode=212 step=10600 return=-6.872 length=50
[2026-07-10 11:34:12] episode=213 step=10650 return=-6.180 length=50
[2026-07-10 11:34:13] episode=214 step=10700 return=-5.133 length=50
[2026-07-10 11:34:14] episode=215 step=10750 return=-7.871 length=50
[2026-07-10 11:34:14] episode=216 step=10800 return=-17.953 length=50
[2026-07-10 11:34:15] episode=217 step=10850 return=-8.324 length=50
[2026-07-10 11:34:16] episode=218 step=10900 return=-4.728 length=50
[2026-07-10 11:34:17] episode=219 step=10950 return=-9.653 length=50
[2026-07-10 11:34:17] episode=220 step=11000 return=-2.981 length=50
[2026-07-10 11:34:18] step=11000 critic_loss=0.4298 actor_loss=-2.6709 log_pi=-1.4256 q1=2.5713 q2=2.5827
[2026-07-10 11:34:18] episode=221 step=11050 return=-5.982 length=50
[2026-07-10 11:34:19] episode=222 step=11100 return=-3.920 length=50
[2026-07-10 11:34:20] episode=223 step=11150 return=-16.906 length=50
[2026-07-10 11:34:21] episode=224 step=11200 return=-15.852 length=50
[2026-07-10 11:34:21] episode=225 step=11250 return=-10.391 length=50
[2026-07-10 11:34:22] episode=226 step=11300 return=-11.464 length=50
[2026-07-10 11:34:23] episode=227 step=11350 return=-15.892 length=50
[2026-07-10 11:34:24] episode=228 step=11400 return=-11.980 length=50
[2026-07-10 11:34:25] episode=229 step=11450 return=-15.875 length=50
[2026-07-10 11:34:25] episode=230 step=11500 return=-2.882 length=50
[2026-07-10 11:34:25] step=11500 critic_loss=0.2956 actor_loss=-2.4960 log_pi=-1.3552 q1=2.4369 q2=2.4427
[2026-07-10 11:34:26] episode=231 step=11550 return=-10.121 length=50
[2026-07-10 11:34:27] episode=232 step=11600 return=-14.254 length=50
[2026-07-10 11:34:28] episode=233 step=11650 return=-8.062 length=50
[2026-07-10 11:34:29] episode=234 step=11700 return=-12.035 length=50
[2026-07-10 11:34:29] episode=235 step=11750 return=-22.217 length=50
[2026-07-10 11:34:30] episode=236 step=11800 return=-3.173 length=50
[2026-07-10 11:34:31] episode=237 step=11850 return=-10.830 length=50
[2026-07-10 11:34:32] episode=238 step=11900 return=-4.193 length=50
[2026-07-10 11:34:32] episode=239 step=11950 return=-8.646 length=50
[2026-07-10 11:34:33] episode=240 step=12000 return=-25.533 length=50
[2026-07-10 11:34:33] step=12000 critic_loss=0.2672 actor_loss=-2.2871 log_pi=-0.8326 q1=2.2354 q2=2.2454
[2026-07-10 11:34:34] episode=241 step=12050 return=-15.855 length=50
[2026-07-10 11:34:35] episode=242 step=12100 return=-13.486 length=50
[2026-07-10 11:34:36] episode=243 step=12150 return=-11.784 length=50
[2026-07-10 11:34:36] episode=244 step=12200 return=-8.225 length=50
[2026-07-10 11:34:37] episode=245 step=12250 return=-4.374 length=50
[2026-07-10 11:34:38] episode=246 step=12300 return=-15.270 length=50
[2026-07-10 11:34:39] episode=247 step=12350 return=-15.680 length=50
[2026-07-10 11:34:40] episode=248 step=12400 return=-15.259 length=50
[2026-07-10 11:34:40] episode=249 step=12450 return=-15.096 length=50
[2026-07-10 11:34:41] episode=250 step=12500 return=-17.764 length=50
[2026-07-10 11:34:41] step=12500 critic_loss=0.2612 actor_loss=-2.3147 log_pi=-0.8954 q1=2.2279 q2=2.2185
[2026-07-10 11:34:42] episode=251 step=12550 return=-3.115 length=50
[2026-07-10 11:34:43] episode=252 step=12600 return=-2.962 length=50
[2026-07-10 11:34:43] episode=253 step=12650 return=-4.185 length=50
[2026-07-10 11:34:44] episode=254 step=12700 return=-4.812 length=50
[2026-07-10 11:34:45] episode=255 step=12750 return=-22.281 length=50
[2026-07-10 11:34:46] episode=256 step=12800 return=-9.615 length=50
[2026-07-10 11:34:47] episode=257 step=12850 return=-14.946 length=50
[2026-07-10 11:34:47] episode=258 step=12900 return=-8.641 length=50
[2026-07-10 11:34:48] episode=259 step=12950 return=-5.354 length=50
[2026-07-10 11:34:49] episode=260 step=13000 return=-14.053 length=50
[2026-07-10 11:34:49] step=13000 critic_loss=0.2073 actor_loss=-1.9513 log_pi=-0.3249 q1=1.9136 q2=1.9271
[2026-07-10 11:34:50] episode=261 step=13050 return=-12.188 length=50
[2026-07-10 11:34:51] episode=262 step=13100 return=-13.615 length=50
[2026-07-10 11:34:51] episode=263 step=13150 return=-2.272 length=50
[2026-07-10 11:34:52] episode=264 step=13200 return=-2.959 length=50
[2026-07-10 11:34:53] episode=265 step=13250 return=-8.780 length=50
[2026-07-10 11:34:54] episode=266 step=13300 return=-0.071 length=50
[2026-07-10 11:34:55] episode=267 step=13350 return=-15.552 length=50
[2026-07-10 11:34:55] episode=268 step=13400 return=-2.208 length=50
[2026-07-10 11:34:56] episode=269 step=13450 return=-18.788 length=50
[2026-07-10 11:34:57] episode=270 step=13500 return=-6.755 length=50
[2026-07-10 11:34:57] step=13500 critic_loss=0.1914 actor_loss=-1.9297 log_pi=-1.1060 q1=1.9037 q2=1.8792
[2026-07-10 11:34:58] episode=271 step=13550 return=-4.114 length=50
[2026-07-10 11:34:58] episode=272 step=13600 return=-32.979 length=50
[2026-07-10 11:34:59] episode=273 step=13650 return=-9.782 length=50
[2026-07-10 11:35:00] episode=274 step=13700 return=-11.590 length=50
[2026-07-10 11:35:01] episode=275 step=13750 return=-10.426 length=50
[2026-07-10 11:35:02] episode=276 step=13800 return=-11.696 length=50
[2026-07-10 11:35:02] episode=277 step=13850 return=-12.962 length=50
[2026-07-10 11:35:03] episode=278 step=13900 return=-9.747 length=50
[2026-07-10 11:35:04] episode=279 step=13950 return=-5.964 length=50
[2026-07-10 11:35:05] episode=280 step=14000 return=-5.832 length=50
[2026-07-10 11:35:05] step=14000 critic_loss=0.1040 actor_loss=-1.6592 log_pi=-0.7761 q1=1.6084 q2=1.5811
[2026-07-10 11:35:06] episode=281 step=14050 return=-22.590 length=50
[2026-07-10 11:35:06] episode=282 step=14100 return=-12.707 length=50
[2026-07-10 11:35:07] episode=283 step=14150 return=-9.792 length=50
[2026-07-10 11:35:08] episode=284 step=14200 return=-4.006 length=50
[2026-07-10 11:35:09] episode=285 step=14250 return=-18.808 length=50
[2026-07-10 11:35:09] episode=286 step=14300 return=-4.537 length=50
[2026-07-10 11:35:10] episode=287 step=14350 return=-10.802 length=50
[2026-07-10 11:35:11] episode=288 step=14400 return=-11.572 length=50
[2026-07-10 11:35:12] episode=289 step=14450 return=-18.042 length=50
[2026-07-10 11:35:13] episode=290 step=14500 return=-30.871 length=50
[2026-07-10 11:35:13] step=14500 critic_loss=0.1716 actor_loss=-1.4041 log_pi=-0.0392 q1=1.4219 q2=1.3915
[2026-07-10 11:35:13] episode=291 step=14550 return=-12.281 length=50
[2026-07-10 11:35:14] episode=292 step=14600 return=-4.053 length=50
[2026-07-10 11:35:15] episode=293 step=14650 return=-24.962 length=50
[2026-07-10 11:35:16] episode=294 step=14700 return=-11.809 length=50
[2026-07-10 11:35:17] episode=295 step=14750 return=-16.318 length=50
[2026-07-10 11:35:17] episode=296 step=14800 return=-6.155 length=50
[2026-07-10 11:35:18] episode=297 step=14850 return=-6.865 length=50
[2026-07-10 11:35:19] episode=298 step=14900 return=-13.498 length=50
[2026-07-10 11:35:20] episode=299 step=14950 return=-12.552 length=50
[2026-07-10 11:35:21] episode=300 step=15000 return=-1.012 length=50
[2026-07-10 11:35:21] step=15000 critic_loss=0.3231 actor_loss=-1.0413 log_pi=-0.1720 q1=1.0221 q2=0.9944
[2026-07-10 11:35:22] [eval] step=15000 avg_return=-9.042
[2026-07-10 11:35:22] saved checkpoint at step=15000: results\checkpoints\FetchPushDense-v4\20260710_113239\sacher_checkpoint_15000.pt
[2026-07-10 11:35:23] episode=301 step=15050 return=-1.725 length=50
[2026-07-10 11:35:24] episode=302 step=15100 return=-7.924 length=50
[2026-07-10 11:35:24] episode=303 step=15150 return=-14.166 length=50
[2026-07-10 11:35:25] episode=304 step=15200 return=-12.517 length=50
[2026-07-10 11:35:26] episode=305 step=15250 return=-14.172 length=50
[2026-07-10 11:35:27] episode=306 step=15300 return=-15.483 length=50
[2026-07-10 11:35:28] episode=307 step=15350 return=-4.079 length=50
[2026-07-10 11:35:29] episode=308 step=15400 return=-4.796 length=50
[2026-07-10 11:35:30] episode=309 step=15450 return=-8.968 length=50
[2026-07-10 11:35:31] episode=310 step=15500 return=-7.821 length=50
[2026-07-10 11:35:31] step=15500 critic_loss=0.1212 actor_loss=-1.1393 log_pi=0.2064 q1=1.1196 q2=1.1097
[2026-07-10 11:35:32] episode=311 step=15550 return=-2.450 length=50
[2026-07-10 11:35:32] episode=312 step=15600 return=-3.430 length=50
[2026-07-10 11:35:33] episode=313 step=15650 return=-5.704 length=50
[2026-07-10 11:35:34] episode=314 step=15700 return=-9.140 length=50
[2026-07-10 11:35:35] episode=315 step=15750 return=-5.439 length=50
[2026-07-10 11:35:36] episode=316 step=15800 return=-12.224 length=50
[2026-07-10 11:35:37] episode=317 step=15850 return=-8.821 length=50
[2026-07-10 11:35:38] episode=318 step=15900 return=-12.607 length=50
[2026-07-10 11:35:39] episode=319 step=15950 return=-13.299 length=50
[2026-07-10 11:35:40] episode=320 step=16000 return=-0.621 length=50
[2026-07-10 11:35:40] step=16000 critic_loss=0.1544 actor_loss=-0.9069 log_pi=0.4446 q1=0.8493 q2=0.8505
[2026-07-10 11:35:40] episode=321 step=16050 return=-5.552 length=50
[2026-07-10 11:35:41] episode=322 step=16100 return=-5.926 length=50
[2026-07-10 11:35:42] episode=323 step=16150 return=-8.024 length=50
[2026-07-10 11:35:43] episode=324 step=16200 return=-2.950 length=50
[2026-07-10 11:35:44] episode=325 step=16250 return=-1.677 length=50
[2026-07-10 11:35:45] episode=326 step=16300 return=-7.512 length=50
[2026-07-10 11:35:45] episode=327 step=16350 return=-11.710 length=50
[2026-07-10 11:35:46] episode=328 step=16400 return=-10.669 length=50
[2026-07-10 11:35:47] episode=329 step=16450 return=-7.174 length=50
[2026-07-10 11:35:48] episode=330 step=16500 return=-2.052 length=50
[2026-07-10 11:35:48] step=16500 critic_loss=0.0682 actor_loss=-0.9169 log_pi=0.4192 q1=0.9020 q2=0.8778
[2026-07-10 11:35:49] episode=331 step=16550 return=-11.079 length=50
[2026-07-10 11:35:50] episode=332 step=16600 return=-8.081 length=50
[2026-07-10 11:35:51] episode=333 step=16650 return=-14.014 length=50
[2026-07-10 11:35:51] episode=334 step=16700 return=-13.750 length=50
[2026-07-10 11:35:52] episode=335 step=16750 return=-11.800 length=50
[2026-07-10 11:35:53] episode=336 step=16800 return=-8.362 length=50
[2026-07-10 11:35:54] episode=337 step=16850 return=-9.480 length=50
[2026-07-10 11:35:55] episode=338 step=16900 return=-4.029 length=50
[2026-07-10 11:35:55] episode=339 step=16950 return=-10.543 length=50
[2026-07-10 11:35:56] episode=340 step=17000 return=-5.054 length=50
[2026-07-10 11:35:56] step=17000 critic_loss=0.0947 actor_loss=-0.7285 log_pi=0.9428 q1=0.7181 q2=0.7147
[2026-07-10 11:35:57] episode=341 step=17050 return=-15.569 length=50
[2026-07-10 11:35:58] episode=342 step=17100 return=-7.366 length=50
[2026-07-10 11:35:59] episode=343 step=17150 return=-8.225 length=50
[2026-07-10 11:36:00] episode=344 step=17200 return=-14.015 length=50
[2026-07-10 11:36:01] episode=345 step=17250 return=-6.551 length=50
[2026-07-10 11:36:01] episode=346 step=17300 return=-14.690 length=50
[2026-07-10 11:36:02] episode=347 step=17350 return=-11.160 length=50
[2026-07-10 11:36:03] episode=348 step=17400 return=-14.457 length=50
[2026-07-10 11:36:04] episode=349 step=17450 return=-10.950 length=50
[2026-07-10 11:36:05] episode=350 step=17500 return=-13.708 length=50
[2026-07-10 11:36:05] step=17500 critic_loss=0.1366 actor_loss=-0.5809 log_pi=0.7838 q1=0.5525 q2=0.5260
[2026-07-10 11:36:06] episode=351 step=17550 return=-9.371 length=50
[2026-07-10 11:36:07] episode=352 step=17600 return=-6.497 length=50
[2026-07-10 11:36:07] episode=353 step=17650 return=-14.332 length=50
[2026-07-10 11:36:08] episode=354 step=17700 return=-1.069 length=50
[2026-07-10 11:36:09] episode=355 step=17750 return=-9.436 length=50
[2026-07-10 11:36:10] episode=356 step=17800 return=-8.153 length=50
[2026-07-10 11:36:11] episode=357 step=17850 return=-6.316 length=50
[2026-07-10 11:36:12] episode=358 step=17900 return=-10.017 length=50
[2026-07-10 11:36:13] episode=359 step=17950 return=-6.480 length=50
[2026-07-10 11:36:13] episode=360 step=18000 return=-14.431 length=50
[2026-07-10 11:36:13] step=18000 critic_loss=0.0654 actor_loss=-0.5296 log_pi=0.8582 q1=0.5191 q2=0.4937
[2026-07-10 11:36:14] episode=361 step=18050 return=-7.602 length=50
[2026-07-10 11:36:15] episode=362 step=18100 return=-9.164 length=50
[2026-07-10 11:36:16] episode=363 step=18150 return=-8.926 length=50
[2026-07-10 11:36:17] episode=364 step=18200 return=-11.312 length=50
[2026-07-10 11:36:18] episode=365 step=18250 return=-9.033 length=50
[2026-07-10 11:36:19] episode=366 step=18300 return=-7.882 length=50
[2026-07-10 11:36:20] episode=367 step=18350 return=-1.617 length=50
[2026-07-10 11:36:21] episode=368 step=18400 return=-1.357 length=50
[2026-07-10 11:36:22] episode=369 step=18450 return=-13.639 length=50
[2026-07-10 11:36:22] episode=370 step=18500 return=-13.686 length=50
[2026-07-10 11:36:22] step=18500 critic_loss=0.1234 actor_loss=-0.4211 log_pi=0.8967 q1=0.4231 q2=0.3865
[2026-07-10 11:36:23] episode=371 step=18550 return=-8.403 length=50
[2026-07-10 11:36:24] episode=372 step=18600 return=-9.483 length=50
[2026-07-10 11:36:25] episode=373 step=18650 return=-14.599 length=50
[2026-07-10 11:36:26] episode=374 step=18700 return=-6.967 length=50
[2026-07-10 11:36:27] episode=375 step=18750 return=-2.007 length=50
[2026-07-10 11:36:28] episode=376 step=18800 return=-8.934 length=50
[2026-07-10 11:36:29] episode=377 step=18850 return=-8.950 length=50
[2026-07-10 11:36:29] episode=378 step=18900 return=-6.122 length=50
[2026-07-10 11:36:30] episode=379 step=18950 return=-5.798 length=50
[2026-07-10 11:36:31] episode=380 step=19000 return=-12.094 length=50
[2026-07-10 11:36:31] step=19000 critic_loss=0.0578 actor_loss=-0.1255 log_pi=3.5381 q1=0.1617 q2=0.1540
[2026-07-10 11:36:32] episode=381 step=19050 return=-9.878 length=50
[2026-07-10 11:36:33] episode=382 step=19100 return=-10.486 length=50
[2026-07-10 11:36:34] episode=383 step=19150 return=-10.482 length=50
[2026-07-10 11:36:35] episode=384 step=19200 return=-10.831 length=50
[2026-07-10 11:36:36] episode=385 step=19250 return=-13.101 length=50
[2026-07-10 11:36:36] episode=386 step=19300 return=-2.385 length=50
[2026-07-10 11:36:37] episode=387 step=19350 return=-12.612 length=50
[2026-07-10 11:36:38] episode=388 step=19400 return=-5.012 length=50
[2026-07-10 11:36:39] episode=389 step=19450 return=-6.777 length=50
[2026-07-10 11:36:40] episode=390 step=19500 return=-7.967 length=50
[2026-07-10 11:36:40] step=19500 critic_loss=0.1575 actor_loss=-0.2643 log_pi=2.8380 q1=0.2642 q2=0.2562
[2026-07-10 11:36:41] episode=391 step=19550 return=-10.486 length=50
[2026-07-10 11:36:42] episode=392 step=19600 return=-7.395 length=50
[2026-07-10 11:36:43] episode=393 step=19650 return=-12.448 length=50
[2026-07-10 11:36:43] episode=394 step=19700 return=-7.436 length=50
[2026-07-10 11:36:44] episode=395 step=19750 return=-1.830 length=50
[2026-07-10 11:36:45] episode=396 step=19800 return=-7.231 length=50
[2026-07-10 11:36:46] episode=397 step=19850 return=-14.877 length=50
[2026-07-10 11:36:47] episode=398 step=19900 return=-11.334 length=50
[2026-07-10 11:36:48] episode=399 step=19950 return=-9.970 length=50
[2026-07-10 11:36:49] episode=400 step=20000 return=-2.214 length=50
[2026-07-10 11:36:49] step=20000 critic_loss=0.0525 actor_loss=-0.2997 log_pi=1.0514 q1=0.3015 q2=0.3148
[2026-07-10 11:36:50] [eval] step=20000 avg_return=-9.124
[2026-07-10 11:36:50] saved checkpoint at step=20000: results\checkpoints\FetchPushDense-v4\20260710_113239\sacher_checkpoint_20000.pt
[2026-07-10 11:36:50] episode=401 step=20050 return=-5.698 length=50
[2026-07-10 11:36:51] episode=402 step=20100 return=-11.704 length=50
[2026-07-10 11:36:52] episode=403 step=20150 return=-6.684 length=50
[2026-07-10 11:36:53] episode=404 step=20200 return=-6.839 length=50
[2026-07-10 11:36:54] episode=405 step=20250 return=-7.674 length=50
[2026-07-10 11:36:55] episode=406 step=20300 return=-7.879 length=50
[2026-07-10 11:36:56] episode=407 step=20350 return=-8.790 length=50
[2026-07-10 11:36:57] episode=408 step=20400 return=-9.052 length=50
[2026-07-10 11:36:57] episode=409 step=20450 return=-13.191 length=50
[2026-07-10 11:36:58] episode=410 step=20500 return=-5.723 length=50
[2026-07-10 11:36:58] step=20500 critic_loss=0.0553 actor_loss=-0.0784 log_pi=0.9892 q1=0.0810 q2=0.0587
[2026-07-10 11:36:59] episode=411 step=20550 return=-3.563 length=50
[2026-07-10 11:37:00] episode=412 step=20600 return=-10.474 length=50
[2026-07-10 11:37:01] episode=413 step=20650 return=-12.609 length=50
[2026-07-10 11:37:02] episode=414 step=20700 return=-2.248 length=50
[2026-07-10 11:37:02] episode=415 step=20750 return=-12.590 length=50
[2026-07-10 11:37:03] episode=416 step=20800 return=-13.292 length=50
[2026-07-10 11:37:04] episode=417 step=20850 return=-11.636 length=50
[2026-07-10 11:37:05] episode=418 step=20900 return=-13.184 length=50
[2026-07-10 11:37:06] episode=419 step=20950 return=-6.390 length=50
[2026-07-10 11:37:07] episode=420 step=21000 return=-7.913 length=50
[2026-07-10 11:37:07] step=21000 critic_loss=0.0418 actor_loss=0.0913 log_pi=2.6462 q1=-0.1127 q2=-0.0813
[2026-07-10 11:37:07] episode=421 step=21050 return=-3.657 length=50
[2026-07-10 11:37:08] episode=422 step=21100 return=-10.490 length=50
[2026-07-10 11:37:09] episode=423 step=21150 return=-7.555 length=50
[2026-07-10 11:37:10] episode=424 step=21200 return=-15.443 length=50
[2026-07-10 11:37:11] episode=425 step=21250 return=-12.530 length=50
[2026-07-10 11:37:11] episode=426 step=21300 return=-11.696 length=50
[2026-07-10 11:37:12] episode=427 step=21350 return=-7.380 length=50
[2026-07-10 11:37:13] episode=428 step=21400 return=-1.733 length=50
[2026-07-10 11:37:14] episode=429 step=21450 return=-5.545 length=50
[2026-07-10 11:37:15] episode=430 step=21500 return=-8.908 length=50
[2026-07-10 11:37:15] step=21500 critic_loss=0.0443 actor_loss=0.0589 log_pi=2.0242 q1=-0.0599 q2=-0.0691
[2026-07-10 11:37:16] episode=431 step=21550 return=-6.122 length=50
[2026-07-10 11:37:17] episode=432 step=21600 return=-7.024 length=50
[2026-07-10 11:37:17] episode=433 step=21650 return=-6.196 length=50
[2026-07-10 11:37:18] episode=434 step=21700 return=-8.599 length=50
[2026-07-10 11:37:19] episode=435 step=21750 return=-3.810 length=50
[2026-07-10 11:37:20] episode=436 step=21800 return=-15.616 length=50
[2026-07-10 11:37:21] episode=437 step=21850 return=-7.451 length=50
[2026-07-10 11:37:22] episode=438 step=21900 return=-8.330 length=50
[2026-07-10 11:37:23] episode=439 step=21950 return=-11.438 length=50
[2026-07-10 11:37:23] episode=440 step=22000 return=-7.169 length=50
[2026-07-10 11:37:23] step=22000 critic_loss=0.0931 actor_loss=0.1679 log_pi=3.0063 q1=-0.1389 q2=-0.1480
[2026-07-10 11:37:23] Closing logger
